../Drivers/ds3231_sm/ds3231_sm.c:47:6:ds3231_PrintTime	128	static
../Drivers/ds3231_sm/ds3231_sm.c:56:6:ds3231_PrintDate	128	static
../Drivers/ds3231_sm/ds3231_sm.c:65:6:ds3231_PrintDate_3Char	120	static
../Drivers/ds3231_sm/ds3231_sm.c:94:6:ds3231_PrintDate_AllChar	120	static
../Drivers/ds3231_sm/ds3231_sm.c:122:6:ds3231_PrintWeek_AllChar	120	static
../Drivers/ds3231_sm/ds3231_sm.c:141:6:ds3231_PrintWeek_3Char	24	static
../Drivers/ds3231_sm/ds3231_sm.c:161:6:ds3231_GetTime	24	static
../Drivers/ds3231_sm/ds3231_sm.c:178:6:ds3231_GetDate	24	static
../Drivers/ds3231_sm/ds3231_sm.c:198:6:ds3231_SetTime	24	static
../Drivers/ds3231_sm/ds3231_sm.c:212:6:ds3231_SetDate	24	static
../Drivers/ds3231_sm/ds3231_sm.c:228:6:ds3231_Alarm1_SetEverySeconds	24	static
../Drivers/ds3231_sm/ds3231_sm.c:242:6:ds3231_Alarm2_SetEveryMinutes	24	static
../Drivers/ds3231_sm/ds3231_sm.c:255:6:ds3231_Alarm1_SetSeconds	24	static
../Drivers/ds3231_sm/ds3231_sm.c:270:6:ds3231_Alarm2_SetMinuses	24	static
../Drivers/ds3231_sm/ds3231_sm.c:284:6:ds3231_Alarm1_SetHoursAndMinuses	24	static
../Drivers/ds3231_sm/ds3231_sm.c:300:6:ds3231_Alarm2_SetHoursAndMinuses	24	static
../Drivers/ds3231_sm/ds3231_sm.c:316:6:ds3231_Alarm1_ClearStatusBit	24	static
../Drivers/ds3231_sm/ds3231_sm.c:324:6:ds3231_Alarm2_ClearStatusBit	24	static
../Drivers/ds3231_sm/ds3231_sm.c:333:6:ds3231_Alarm1_Stop	24	static
../Drivers/ds3231_sm/ds3231_sm.c:342:6:Set_Date_and_Time_by_str	16	static
../Drivers/ds3231_sm/ds3231_sm.c:350:6:Set_Date_and_Time_to_DS3231	40	static
../Drivers/ds3231_sm/ds3231_sm.c:375:9:ds3231_Get_Alarm1_Status	24	static
../Drivers/ds3231_sm/ds3231_sm.c:385:9:ds3231_Get_Alarm2_Status	24	static
../Drivers/ds3231_sm/ds3231_sm.c:395:6:Ds3231_hard_alarm_flag_Set	4	static
../Drivers/ds3231_sm/ds3231_sm.c:400:6:Ds3231_hard_alarm_flag_Reset	4	static
../Drivers/ds3231_sm/ds3231_sm.c:405:9:Ds3231_hard_alarm_flag_Status	4	static
