../Drivers/max7219_4x_dot_sm/max7219_4x_dot_sm.c:94:6:Max7219_struct_init	24	static
../Drivers/max7219_4x_dot_sm/max7219_4x_dot_sm.c:105:6:max7219_init	72	static
../Drivers/max7219_4x_dot_sm/max7219_4x_dot_sm.c:150:6:max7219_show_time	168	static
../Drivers/max7219_4x_dot_sm/max7219_4x_dot_sm.c:275:6:_max7219_show_all	64	static
../Drivers/max7219_4x_dot_sm/max7219_4x_dot_sm.c:289:9:inverse_order_in_byte	24	static
../Drivers/max7219_4x_dot_sm/max7219_4x_dot_sm.c:303:6:max7219_test_LED	72	static
../Drivers/max7219_4x_dot_sm/max7219_4x_dot_sm.c:323:6:_max7219_push_data	56	static
../Drivers/max7219_4x_dot_sm/max7219_4x_dot_sm.c:330:6:_max7219_write_strob	8	static
../Drivers/max7219_4x_dot_sm/max7219_4x_dot_sm.c:339:6:Local_delay	16	static,ignoring_inline_asm
../Drivers/max7219_4x_dot_sm/max7219_4x_dot_sm.c:347:6:_max7219_print_one_digit	64	static
